// Jest Snapshot v1, https://goo.gl/fbAQLP

exports[`snapshot test 1`] = `
Object {
  "Mappings": Object {
    "ServiceprincipalMap": Object {
      "af-south-1": Object {
        "states": "states.af-south-1.amazonaws.com",
      },
      "ap-east-1": Object {
        "states": "states.ap-east-1.amazonaws.com",
      },
      "ap-northeast-1": Object {
        "states": "states.ap-northeast-1.amazonaws.com",
      },
      "ap-northeast-2": Object {
        "states": "states.ap-northeast-2.amazonaws.com",
      },
      "ap-northeast-3": Object {
        "states": "states.ap-northeast-3.amazonaws.com",
      },
      "ap-south-1": Object {
        "states": "states.ap-south-1.amazonaws.com",
      },
      "ap-southeast-1": Object {
        "states": "states.ap-southeast-1.amazonaws.com",
      },
      "ap-southeast-2": Object {
        "states": "states.ap-southeast-2.amazonaws.com",
      },
      "ap-southeast-3": Object {
        "states": "states.ap-southeast-3.amazonaws.com",
      },
      "ca-central-1": Object {
        "states": "states.ca-central-1.amazonaws.com",
      },
      "cn-north-1": Object {
        "states": "states.cn-north-1.amazonaws.com",
      },
      "cn-northwest-1": Object {
        "states": "states.cn-northwest-1.amazonaws.com",
      },
      "eu-central-1": Object {
        "states": "states.eu-central-1.amazonaws.com",
      },
      "eu-north-1": Object {
        "states": "states.eu-north-1.amazonaws.com",
      },
      "eu-south-1": Object {
        "states": "states.eu-south-1.amazonaws.com",
      },
      "eu-south-2": Object {
        "states": "states.eu-south-2.amazonaws.com",
      },
      "eu-west-1": Object {
        "states": "states.eu-west-1.amazonaws.com",
      },
      "eu-west-2": Object {
        "states": "states.eu-west-2.amazonaws.com",
      },
      "eu-west-3": Object {
        "states": "states.eu-west-3.amazonaws.com",
      },
      "me-south-1": Object {
        "states": "states.me-south-1.amazonaws.com",
      },
      "sa-east-1": Object {
        "states": "states.sa-east-1.amazonaws.com",
      },
      "us-east-1": Object {
        "states": "states.us-east-1.amazonaws.com",
      },
      "us-east-2": Object {
        "states": "states.us-east-2.amazonaws.com",
      },
      "us-gov-east-1": Object {
        "states": "states.us-gov-east-1.amazonaws.com",
      },
      "us-gov-west-1": Object {
        "states": "states.us-gov-west-1.amazonaws.com",
      },
      "us-iso-east-1": Object {
        "states": "states.amazonaws.com",
      },
      "us-iso-west-1": Object {
        "states": "states.amazonaws.com",
      },
      "us-isob-east-1": Object {
        "states": "states.amazonaws.com",
      },
      "us-west-1": Object {
        "states": "states.us-west-1.amazonaws.com",
      },
      "us-west-2": Object {
        "states": "states.us-west-2.amazonaws.com",
      },
    },
  },
  "Parameters": Object {
    "BootstrapVersion": Object {
      "Default": "/cdk-bootstrap/hnb659fds/version",
      "Description": "Version of the CDK Bootstrap resources in this environment, automatically retrieved from SSM Parameter Store. [cdk:skip]",
      "Type": "AWS::SSM::Parameter::Value<String>",
    },
  },
  "Resources": Object {
    "CustomCDKECRDeploymentbd07c930edb94112a20f03f096f53666512MiB28EAD8E4": Object {
      "DependsOn": Array [
        "CustomCDKECRDeploymentbd07c930edb94112a20f03f096f53666512MiBServiceRoleDefaultPolicy280095F8",
        "CustomCDKECRDeploymentbd07c930edb94112a20f03f096f53666512MiBServiceRole8C8B0491",
      ],
      "Properties": Object {
        "Code": Object {
          "S3Bucket": Object {
            "Fn::Sub": "cdk-hnb659fds-assets-\${AWS::AccountId}-\${AWS::Region}",
          },
          "S3Key": "5bf1b8234302ff202c4cda9fa6ac3337b67aa20a3201be45d2fcbb6df9535433.zip",
        },
        "Handler": "main",
        "MemorySize": 512,
        "Role": Object {
          "Fn::GetAtt": Array [
            "CustomCDKECRDeploymentbd07c930edb94112a20f03f096f53666512MiBServiceRole8C8B0491",
            "Arn",
          ],
        },
        "Runtime": "go1.x",
        "Timeout": 900,
      },
      "Type": "AWS::Lambda::Function",
    },
    "CustomCDKECRDeploymentbd07c930edb94112a20f03f096f53666512MiBServiceRole8C8B0491": Object {
      "Properties": Object {
        "AssumeRolePolicyDocument": Object {
          "Statement": Array [
            Object {
              "Action": "sts:AssumeRole",
              "Effect": "Allow",
              "Principal": Object {
                "Service": "lambda.amazonaws.com",
              },
            },
          ],
          "Version": "2012-10-17",
        },
        "ManagedPolicyArns": Array [
          Object {
            "Fn::Join": Array [
              "",
              Array [
                "arn:",
                Object {
                  "Ref": "AWS::Partition",
                },
                ":iam::aws:policy/service-role/AWSLambdaBasicExecutionRole",
              ],
            ],
          },
        ],
      },
      "Type": "AWS::IAM::Role",
    },
    "CustomCDKECRDeploymentbd07c930edb94112a20f03f096f53666512MiBServiceRoleDefaultPolicy280095F8": Object {
      "Properties": Object {
        "PolicyDocument": Object {
          "Statement": Array [
            Object {
              "Action": Array [
                "ecr:GetAuthorizationToken",
                "ecr:BatchCheckLayerAvailability",
                "ecr:GetDownloadUrlForLayer",
                "ecr:GetRepositoryPolicy",
                "ecr:DescribeRepositories",
                "ecr:ListImages",
                "ecr:DescribeImages",
                "ecr:BatchGetImage",
                "ecr:ListTagsForResource",
                "ecr:DescribeImageScanFindings",
                "ecr:InitiateLayerUpload",
                "ecr:UploadLayerPart",
                "ecr:CompleteLayerUpload",
                "ecr:PutImage",
              ],
              "Effect": "Allow",
              "Resource": "*",
            },
            Object {
              "Action": "s3:GetObject",
              "Effect": "Allow",
              "Resource": "*",
            },
          ],
          "Version": "2012-10-17",
        },
        "PolicyName": "CustomCDKECRDeploymentbd07c930edb94112a20f03f096f53666512MiBServiceRoleDefaultPolicy280095F8",
        "Roles": Array [
          Object {
            "Ref": "CustomCDKECRDeploymentbd07c930edb94112a20f03f096f53666512MiBServiceRole8C8B0491",
          },
        ],
      },
      "Type": "AWS::IAM::Policy",
    },
    "ExampleStepStateMachine50C19156": Object {
      "DependsOn": Array [
        "ExampleStepStateMachineRoleDefaultPolicy381F0343",
        "ExampleStepStateMachineRoleA7407187",
      ],
      "Properties": Object {
        "DefinitionString": Object {
          "Fn::Join": Array [
            "",
            Array [
              "{\\"StartAt\\":\\"Step1 OKRun\\",\\"States\\":{\\"Step1 OKRun\\":{\\"Next\\":\\"Step2 NGRun\\",\\"Catch\\":[{\\"ErrorEquals\\":[\\"States.ALL\\"],\\"Next\\":\\"Step1Fail\\"}],\\"Type\\":\\"Task\\",\\"Resource\\":\\"arn:",
              Object {
                "Ref": "AWS::Partition",
              },
              ":states:::ecs:runTask.sync\\",\\"Parameters\\":{\\"Cluster\\":\\"",
              Object {
                "Fn::GetAtt": Array [
                  "FargateCluster7CCD5F93",
                  "Arn",
                ],
              },
              "\\",\\"TaskDefinition\\":\\"MyTestStackokTaskDef08622CA9\\",\\"NetworkConfiguration\\":{\\"AwsvpcConfiguration\\":{\\"Subnets\\":[\\"",
              Object {
                "Ref": "VpcisolatedSubnet1SubnetE62B1B9B",
              },
              "\\",\\"",
              Object {
                "Ref": "VpcisolatedSubnet2Subnet39217055",
              },
              "\\"],\\"SecurityGroups\\":[\\"",
              Object {
                "Fn::GetAtt": Array [
                  "RunTaskSG87628AB4",
                  "GroupId",
                ],
              },
              "\\"]}},\\"LaunchType\\":\\"FARGATE\\"}},\\"Step2 NGRun\\":{\\"End\\":true,\\"Catch\\":[{\\"ErrorEquals\\":[\\"States.ALL\\"],\\"Next\\":\\"Step2Fail\\"}],\\"Type\\":\\"Task\\",\\"Resource\\":\\"arn:",
              Object {
                "Ref": "AWS::Partition",
              },
              ":states:::ecs:runTask.sync\\",\\"Parameters\\":{\\"Cluster\\":\\"",
              Object {
                "Fn::GetAtt": Array [
                  "FargateCluster7CCD5F93",
                  "Arn",
                ],
              },
              "\\",\\"TaskDefinition\\":\\"MyTestStackngTaskDef25BE9FEC\\",\\"NetworkConfiguration\\":{\\"AwsvpcConfiguration\\":{\\"Subnets\\":[\\"",
              Object {
                "Ref": "VpcisolatedSubnet1SubnetE62B1B9B",
              },
              "\\",\\"",
              Object {
                "Ref": "VpcisolatedSubnet2Subnet39217055",
              },
              "\\"],\\"SecurityGroups\\":[\\"",
              Object {
                "Fn::GetAtt": Array [
                  "RunTaskSG87628AB4",
                  "GroupId",
                ],
              },
              "\\"]}},\\"LaunchType\\":\\"FARGATE\\"}},\\"Step2Fail\\":{\\"Type\\":\\"Fail\\"},\\"Step1Fail\\":{\\"Type\\":\\"Fail\\"}}}",
            ],
          ],
        },
        "RoleArn": Object {
          "Fn::GetAtt": Array [
            "ExampleStepStateMachineRoleA7407187",
            "Arn",
          ],
        },
      },
      "Type": "AWS::StepFunctions::StateMachine",
    },
    "ExampleStepStateMachineRoleA7407187": Object {
      "Properties": Object {
        "AssumeRolePolicyDocument": Object {
          "Statement": Array [
            Object {
              "Action": "sts:AssumeRole",
              "Effect": "Allow",
              "Principal": Object {
                "Service": Object {
                  "Fn::FindInMap": Array [
                    "ServiceprincipalMap",
                    Object {
                      "Ref": "AWS::Region",
                    },
                    "states",
                  ],
                },
              },
            },
          ],
          "Version": "2012-10-17",
        },
      },
      "Type": "AWS::IAM::Role",
    },
    "ExampleStepStateMachineRoleDefaultPolicy381F0343": Object {
      "Properties": Object {
        "PolicyDocument": Object {
          "Statement": Array [
            Object {
              "Action": "ecs:RunTask",
              "Effect": "Allow",
              "Resource": Object {
                "Fn::Join": Array [
                  "",
                  Array [
                    "arn:",
                    Object {
                      "Fn::Select": Array [
                        1,
                        Object {
                          "Fn::Split": Array [
                            ":",
                            Object {
                              "Ref": "okTaskDef9BD319BE",
                            },
                          ],
                        },
                      ],
                    },
                    ":",
                    Object {
                      "Fn::Select": Array [
                        2,
                        Object {
                          "Fn::Split": Array [
                            ":",
                            Object {
                              "Ref": "okTaskDef9BD319BE",
                            },
                          ],
                        },
                      ],
                    },
                    ":",
                    Object {
                      "Fn::Select": Array [
                        3,
                        Object {
                          "Fn::Split": Array [
                            ":",
                            Object {
                              "Ref": "okTaskDef9BD319BE",
                            },
                          ],
                        },
                      ],
                    },
                    ":",
                    Object {
                      "Fn::Select": Array [
                        4,
                        Object {
                          "Fn::Split": Array [
                            ":",
                            Object {
                              "Ref": "okTaskDef9BD319BE",
                            },
                          ],
                        },
                      ],
                    },
                    ":",
                    Object {
                      "Fn::Select": Array [
                        0,
                        Object {
                          "Fn::Split": Array [
                            "/",
                            Object {
                              "Fn::Select": Array [
                                5,
                                Object {
                                  "Fn::Split": Array [
                                    ":",
                                    Object {
                                      "Ref": "okTaskDef9BD319BE",
                                    },
                                  ],
                                },
                              ],
                            },
                          ],
                        },
                      ],
                    },
                    "/",
                    Object {
                      "Fn::Select": Array [
                        1,
                        Object {
                          "Fn::Split": Array [
                            "/",
                            Object {
                              "Fn::Select": Array [
                                5,
                                Object {
                                  "Fn::Split": Array [
                                    ":",
                                    Object {
                                      "Ref": "okTaskDef9BD319BE",
                                    },
                                  ],
                                },
                              ],
                            },
                          ],
                        },
                      ],
                    },
                  ],
                ],
              },
            },
            Object {
              "Action": Array [
                "ecs:StopTask",
                "ecs:DescribeTasks",
              ],
              "Effect": "Allow",
              "Resource": "*",
            },
            Object {
              "Action": "iam:PassRole",
              "Effect": "Allow",
              "Resource": Array [
                Object {
                  "Fn::GetAtt": Array [
                    "okTaskDefTaskRole4624208F",
                    "Arn",
                  ],
                },
                Object {
                  "Fn::GetAtt": Array [
                    "okTaskDefExecutionRole5D288C3C",
                    "Arn",
                  ],
                },
              ],
            },
            Object {
              "Action": Array [
                "events:PutTargets",
                "events:PutRule",
                "events:DescribeRule",
              ],
              "Effect": "Allow",
              "Resource": Object {
                "Fn::Join": Array [
                  "",
                  Array [
                    "arn:",
                    Object {
                      "Ref": "AWS::Partition",
                    },
                    ":events:",
                    Object {
                      "Ref": "AWS::Region",
                    },
                    ":",
                    Object {
                      "Ref": "AWS::AccountId",
                    },
                    ":rule/StepFunctionsGetEventsForECSTaskRule",
                  ],
                ],
              },
            },
            Object {
              "Action": "ecs:RunTask",
              "Effect": "Allow",
              "Resource": Object {
                "Fn::Join": Array [
                  "",
                  Array [
                    "arn:",
                    Object {
                      "Fn::Select": Array [
                        1,
                        Object {
                          "Fn::Split": Array [
                            ":",
                            Object {
                              "Ref": "ngTaskDefEB944C57",
                            },
                          ],
                        },
                      ],
                    },
                    ":",
                    Object {
                      "Fn::Select": Array [
                        2,
                        Object {
                          "Fn::Split": Array [
                            ":",
                            Object {
                              "Ref": "ngTaskDefEB944C57",
                            },
                          ],
                        },
                      ],
                    },
                    ":",
                    Object {
                      "Fn::Select": Array [
                        3,
                        Object {
                          "Fn::Split": Array [
                            ":",
                            Object {
                              "Ref": "ngTaskDefEB944C57",
                            },
                          ],
                        },
                      ],
                    },
                    ":",
                    Object {
                      "Fn::Select": Array [
                        4,
                        Object {
                          "Fn::Split": Array [
                            ":",
                            Object {
                              "Ref": "ngTaskDefEB944C57",
                            },
                          ],
                        },
                      ],
                    },
                    ":",
                    Object {
                      "Fn::Select": Array [
                        0,
                        Object {
                          "Fn::Split": Array [
                            "/",
                            Object {
                              "Fn::Select": Array [
                                5,
                                Object {
                                  "Fn::Split": Array [
                                    ":",
                                    Object {
                                      "Ref": "ngTaskDefEB944C57",
                                    },
                                  ],
                                },
                              ],
                            },
                          ],
                        },
                      ],
                    },
                    "/",
                    Object {
                      "Fn::Select": Array [
                        1,
                        Object {
                          "Fn::Split": Array [
                            "/",
                            Object {
                              "Fn::Select": Array [
                                5,
                                Object {
                                  "Fn::Split": Array [
                                    ":",
                                    Object {
                                      "Ref": "ngTaskDefEB944C57",
                                    },
                                  ],
                                },
                              ],
                            },
                          ],
                        },
                      ],
                    },
                  ],
                ],
              },
            },
            Object {
              "Action": "iam:PassRole",
              "Effect": "Allow",
              "Resource": Array [
                Object {
                  "Fn::GetAtt": Array [
                    "ngTaskDefTaskRoleC52DD1D2",
                    "Arn",
                  ],
                },
                Object {
                  "Fn::GetAtt": Array [
                    "ngTaskDefExecutionRole9BBF10A1",
                    "Arn",
                  ],
                },
              ],
            },
          ],
          "Version": "2012-10-17",
        },
        "PolicyName": "ExampleStepStateMachineRoleDefaultPolicy381F0343",
        "Roles": Array [
          Object {
            "Ref": "ExampleStepStateMachineRoleA7407187",
          },
        ],
      },
      "Type": "AWS::IAM::Policy",
    },
    "FargateCluster7CCD5F93": Object {
      "Properties": Object {
        "ClusterName": "StepExample",
        "ClusterSettings": Array [
          Object {
            "Name": "containerInsights",
            "Value": "disabled",
          },
        ],
      },
      "Type": "AWS::ECS::Cluster",
    },
    "NGRepo57913A0B": Object {
      "DeletionPolicy": "Delete",
      "Type": "AWS::ECR::Repository",
      "UpdateReplacePolicy": "Delete",
    },
    "OKRepoA996F699": Object {
      "DeletionPolicy": "Delete",
      "Type": "AWS::ECR::Repository",
      "UpdateReplacePolicy": "Delete",
    },
    "RunTaskSG87628AB4": Object {
      "Properties": Object {
        "GroupDescription": "MyTestStack/RunTaskSG",
        "GroupName": "stepExampleRuntaskSG",
        "SecurityGroupEgress": Array [
          Object {
            "CidrIp": "0.0.0.0/0",
            "Description": "Allow all outbound traffic by default",
            "IpProtocol": "-1",
          },
        ],
        "VpcId": Object {
          "Ref": "Vpc8378EB38",
        },
      },
      "Type": "AWS::EC2::SecurityGroup",
    },
    "Vpc8378EB38": Object {
      "Properties": Object {
        "CidrBlock": "10.10.0.0/16",
        "EnableDnsHostnames": true,
        "EnableDnsSupport": true,
        "InstanceTenancy": "default",
        "Tags": Array [
          Object {
            "Key": "Name",
            "Value": "MyTestStack/Vpc",
          },
        ],
      },
      "Type": "AWS::EC2::VPC",
    },
    "Vpcecrdkrendpoint72700E0D": Object {
      "Properties": Object {
        "PrivateDnsEnabled": true,
        "SecurityGroupIds": Array [
          Object {
            "Fn::GetAtt": Array [
              "VpcecrdkrendpointSecurityGroup22058FB4",
              "GroupId",
            ],
          },
        ],
        "ServiceName": Object {
          "Fn::Join": Array [
            "",
            Array [
              "com.amazonaws.",
              Object {
                "Ref": "AWS::Region",
              },
              ".ecr.dkr",
            ],
          ],
        },
        "SubnetIds": Array [
          Object {
            "Ref": "VpcisolatedSubnet1SubnetE62B1B9B",
          },
          Object {
            "Ref": "VpcisolatedSubnet2Subnet39217055",
          },
        ],
        "VpcEndpointType": "Interface",
        "VpcId": Object {
          "Ref": "Vpc8378EB38",
        },
      },
      "Type": "AWS::EC2::VPCEndpoint",
    },
    "VpcecrdkrendpointSecurityGroup22058FB4": Object {
      "Properties": Object {
        "GroupDescription": "MyTestStack/Vpc/ecr-dkr-endpoint/SecurityGroup",
        "SecurityGroupEgress": Array [
          Object {
            "CidrIp": "0.0.0.0/0",
            "Description": "Allow all outbound traffic by default",
            "IpProtocol": "-1",
          },
        ],
        "SecurityGroupIngress": Array [
          Object {
            "CidrIp": Object {
              "Fn::GetAtt": Array [
                "Vpc8378EB38",
                "CidrBlock",
              ],
            },
            "Description": Object {
              "Fn::Join": Array [
                "",
                Array [
                  "from ",
                  Object {
                    "Fn::GetAtt": Array [
                      "Vpc8378EB38",
                      "CidrBlock",
                    ],
                  },
                  ":443",
                ],
              ],
            },
            "FromPort": 443,
            "IpProtocol": "tcp",
            "ToPort": 443,
          },
        ],
        "Tags": Array [
          Object {
            "Key": "Name",
            "Value": "MyTestStack/Vpc",
          },
        ],
        "VpcId": Object {
          "Ref": "Vpc8378EB38",
        },
      },
      "Type": "AWS::EC2::SecurityGroup",
    },
    "Vpcecrendpoint6DDAF743": Object {
      "Properties": Object {
        "PrivateDnsEnabled": true,
        "SecurityGroupIds": Array [
          Object {
            "Fn::GetAtt": Array [
              "VpcecrendpointSecurityGroupDEF2F60F",
              "GroupId",
            ],
          },
        ],
        "ServiceName": Object {
          "Fn::Join": Array [
            "",
            Array [
              "com.amazonaws.",
              Object {
                "Ref": "AWS::Region",
              },
              ".ecr.api",
            ],
          ],
        },
        "SubnetIds": Array [
          Object {
            "Ref": "VpcisolatedSubnet1SubnetE62B1B9B",
          },
          Object {
            "Ref": "VpcisolatedSubnet2Subnet39217055",
          },
        ],
        "VpcEndpointType": "Interface",
        "VpcId": Object {
          "Ref": "Vpc8378EB38",
        },
      },
      "Type": "AWS::EC2::VPCEndpoint",
    },
    "VpcecrendpointSecurityGroupDEF2F60F": Object {
      "Properties": Object {
        "GroupDescription": "MyTestStack/Vpc/ecr-endpoint/SecurityGroup",
        "SecurityGroupEgress": Array [
          Object {
            "CidrIp": "0.0.0.0/0",
            "Description": "Allow all outbound traffic by default",
            "IpProtocol": "-1",
          },
        ],
        "SecurityGroupIngress": Array [
          Object {
            "CidrIp": Object {
              "Fn::GetAtt": Array [
                "Vpc8378EB38",
                "CidrBlock",
              ],
            },
            "Description": Object {
              "Fn::Join": Array [
                "",
                Array [
                  "from ",
                  Object {
                    "Fn::GetAtt": Array [
                      "Vpc8378EB38",
                      "CidrBlock",
                    ],
                  },
                  ":443",
                ],
              ],
            },
            "FromPort": 443,
            "IpProtocol": "tcp",
            "ToPort": 443,
          },
        ],
        "Tags": Array [
          Object {
            "Key": "Name",
            "Value": "MyTestStack/Vpc",
          },
        ],
        "VpcId": Object {
          "Ref": "Vpc8378EB38",
        },
      },
      "Type": "AWS::EC2::SecurityGroup",
    },
    "VpcisolatedSubnet1RouteTableAssociationD259E31A": Object {
      "Properties": Object {
        "RouteTableId": Object {
          "Ref": "VpcisolatedSubnet1RouteTableE442650B",
        },
        "SubnetId": Object {
          "Ref": "VpcisolatedSubnet1SubnetE62B1B9B",
        },
      },
      "Type": "AWS::EC2::SubnetRouteTableAssociation",
    },
    "VpcisolatedSubnet1RouteTableE442650B": Object {
      "Properties": Object {
        "Tags": Array [
          Object {
            "Key": "Name",
            "Value": "MyTestStack/Vpc/isolatedSubnet1",
          },
        ],
        "VpcId": Object {
          "Ref": "Vpc8378EB38",
        },
      },
      "Type": "AWS::EC2::RouteTable",
    },
    "VpcisolatedSubnet1SubnetE62B1B9B": Object {
      "Properties": Object {
        "AvailabilityZone": Object {
          "Fn::Select": Array [
            0,
            Object {
              "Fn::GetAZs": "",
            },
          ],
        },
        "CidrBlock": "10.10.0.0/24",
        "MapPublicIpOnLaunch": false,
        "Tags": Array [
          Object {
            "Key": "aws-cdk:subnet-name",
            "Value": "isolated",
          },
          Object {
            "Key": "aws-cdk:subnet-type",
            "Value": "Isolated",
          },
          Object {
            "Key": "Name",
            "Value": "MyTestStack/Vpc/isolatedSubnet1",
          },
        ],
        "VpcId": Object {
          "Ref": "Vpc8378EB38",
        },
      },
      "Type": "AWS::EC2::Subnet",
    },
    "VpcisolatedSubnet2RouteTable334F9764": Object {
      "Properties": Object {
        "Tags": Array [
          Object {
            "Key": "Name",
            "Value": "MyTestStack/Vpc/isolatedSubnet2",
          },
        ],
        "VpcId": Object {
          "Ref": "Vpc8378EB38",
        },
      },
      "Type": "AWS::EC2::RouteTable",
    },
    "VpcisolatedSubnet2RouteTableAssociation25A4716F": Object {
      "Properties": Object {
        "RouteTableId": Object {
          "Ref": "VpcisolatedSubnet2RouteTable334F9764",
        },
        "SubnetId": Object {
          "Ref": "VpcisolatedSubnet2Subnet39217055",
        },
      },
      "Type": "AWS::EC2::SubnetRouteTableAssociation",
    },
    "VpcisolatedSubnet2Subnet39217055": Object {
      "Properties": Object {
        "AvailabilityZone": Object {
          "Fn::Select": Array [
            1,
            Object {
              "Fn::GetAZs": "",
            },
          ],
        },
        "CidrBlock": "10.10.1.0/24",
        "MapPublicIpOnLaunch": false,
        "Tags": Array [
          Object {
            "Key": "aws-cdk:subnet-name",
            "Value": "isolated",
          },
          Object {
            "Key": "aws-cdk:subnet-type",
            "Value": "Isolated",
          },
          Object {
            "Key": "Name",
            "Value": "MyTestStack/Vpc/isolatedSubnet2",
          },
        ],
        "VpcId": Object {
          "Ref": "Vpc8378EB38",
        },
      },
      "Type": "AWS::EC2::Subnet",
    },
    "VpclogsendpointF5BB9BBA": Object {
      "Properties": Object {
        "PrivateDnsEnabled": true,
        "SecurityGroupIds": Array [
          Object {
            "Fn::GetAtt": Array [
              "VpclogsendpointSecurityGroup8AC0CAFB",
              "GroupId",
            ],
          },
        ],
        "ServiceName": Object {
          "Fn::Join": Array [
            "",
            Array [
              "com.amazonaws.",
              Object {
                "Ref": "AWS::Region",
              },
              ".logs",
            ],
          ],
        },
        "SubnetIds": Array [
          Object {
            "Ref": "VpcisolatedSubnet1SubnetE62B1B9B",
          },
          Object {
            "Ref": "VpcisolatedSubnet2Subnet39217055",
          },
        ],
        "VpcEndpointType": "Interface",
        "VpcId": Object {
          "Ref": "Vpc8378EB38",
        },
      },
      "Type": "AWS::EC2::VPCEndpoint",
    },
    "VpclogsendpointSecurityGroup8AC0CAFB": Object {
      "Properties": Object {
        "GroupDescription": "MyTestStack/Vpc/logs-endpoint/SecurityGroup",
        "SecurityGroupEgress": Array [
          Object {
            "CidrIp": "0.0.0.0/0",
            "Description": "Allow all outbound traffic by default",
            "IpProtocol": "-1",
          },
        ],
        "SecurityGroupIngress": Array [
          Object {
            "CidrIp": Object {
              "Fn::GetAtt": Array [
                "Vpc8378EB38",
                "CidrBlock",
              ],
            },
            "Description": Object {
              "Fn::Join": Array [
                "",
                Array [
                  "from ",
                  Object {
                    "Fn::GetAtt": Array [
                      "Vpc8378EB38",
                      "CidrBlock",
                    ],
                  },
                  ":443",
                ],
              ],
            },
            "FromPort": 443,
            "IpProtocol": "tcp",
            "ToPort": 443,
          },
        ],
        "Tags": Array [
          Object {
            "Key": "Name",
            "Value": "MyTestStack/Vpc",
          },
        ],
        "VpcId": Object {
          "Ref": "Vpc8378EB38",
        },
      },
      "Type": "AWS::EC2::SecurityGroup",
    },
    "Vpcs3endpointDA23D4F2": Object {
      "Properties": Object {
        "RouteTableIds": Array [
          Object {
            "Ref": "VpcisolatedSubnet1RouteTableE442650B",
          },
          Object {
            "Ref": "VpcisolatedSubnet2RouteTable334F9764",
          },
        ],
        "ServiceName": Object {
          "Fn::Join": Array [
            "",
            Array [
              "com.amazonaws.",
              Object {
                "Ref": "AWS::Region",
              },
              ".s3",
            ],
          ],
        },
        "VpcEndpointType": "Gateway",
        "VpcId": Object {
          "Ref": "Vpc8378EB38",
        },
      },
      "Type": "AWS::EC2::VPCEndpoint",
    },
    "ngImageCustomResource6F049D9F": Object {
      "DeletionPolicy": "Delete",
      "Properties": Object {
        "DestImage": Object {
          "Fn::Join": Array [
            "",
            Array [
              "docker://",
              Object {
                "Fn::Select": Array [
                  4,
                  Object {
                    "Fn::Split": Array [
                      ":",
                      Object {
                        "Fn::GetAtt": Array [
                          "NGRepo57913A0B",
                          "Arn",
                        ],
                      },
                    ],
                  },
                ],
              },
              ".dkr.ecr.",
              Object {
                "Fn::Select": Array [
                  3,
                  Object {
                    "Fn::Split": Array [
                      ":",
                      Object {
                        "Fn::GetAtt": Array [
                          "NGRepo57913A0B",
                          "Arn",
                        ],
                      },
                    ],
                  },
                ],
              },
              ".",
              Object {
                "Ref": "AWS::URLSuffix",
              },
              "/",
              Object {
                "Ref": "NGRepo57913A0B",
              },
            ],
          ],
        },
        "ServiceToken": Object {
          "Fn::GetAtt": Array [
            "CustomCDKECRDeploymentbd07c930edb94112a20f03f096f53666512MiB28EAD8E4",
            "Arn",
          ],
        },
        "SrcImage": Object {
          "Fn::Join": Array [
            "",
            Array [
              "docker://",
              Object {
                "Fn::Sub": "\${AWS::AccountId}.dkr.ecr.\${AWS::Region}.\${AWS::URLSuffix}/cdk-hnb659fds-container-assets-\${AWS::AccountId}-\${AWS::Region}:bf548027c4d32afc8f1295d78aad712a98f9cb26ed787dd91aa40d0050be26fc",
              },
            ],
          ],
        },
      },
      "Type": "Custom::CDKBucketDeployment",
      "UpdateReplacePolicy": "Delete",
    },
    "ngTaskDefEB944C57": Object {
      "Properties": Object {
        "ContainerDefinitions": Array [
          Object {
            "Essential": true,
            "Image": Object {
              "Fn::Join": Array [
                "",
                Array [
                  Object {
                    "Fn::Select": Array [
                      4,
                      Object {
                        "Fn::Split": Array [
                          ":",
                          Object {
                            "Fn::GetAtt": Array [
                              "NGRepo57913A0B",
                              "Arn",
                            ],
                          },
                        ],
                      },
                    ],
                  },
                  ".dkr.ecr.",
                  Object {
                    "Fn::Select": Array [
                      3,
                      Object {
                        "Fn::Split": Array [
                          ":",
                          Object {
                            "Fn::GetAtt": Array [
                              "NGRepo57913A0B",
                              "Arn",
                            ],
                          },
                        ],
                      },
                    ],
                  },
                  ".",
                  Object {
                    "Ref": "AWS::URLSuffix",
                  },
                  "/",
                  Object {
                    "Ref": "NGRepo57913A0B",
                  },
                  ":latest",
                ],
              ],
            },
            "Name": "ng",
            "Privileged": false,
            "ReadonlyRootFilesystem": true,
          },
        ],
        "Cpu": "256",
        "ExecutionRoleArn": Object {
          "Fn::GetAtt": Array [
            "ngTaskDefExecutionRole9BBF10A1",
            "Arn",
          ],
        },
        "Family": "MyTestStackngTaskDef25BE9FEC",
        "Memory": "512",
        "NetworkMode": "awsvpc",
        "RequiresCompatibilities": Array [
          "FARGATE",
        ],
        "TaskRoleArn": Object {
          "Fn::GetAtt": Array [
            "ngTaskDefTaskRoleC52DD1D2",
            "Arn",
          ],
        },
      },
      "Type": "AWS::ECS::TaskDefinition",
    },
    "ngTaskDefExecutionRole9BBF10A1": Object {
      "Properties": Object {
        "AssumeRolePolicyDocument": Object {
          "Statement": Array [
            Object {
              "Action": "sts:AssumeRole",
              "Effect": "Allow",
              "Principal": Object {
                "Service": "ecs-tasks.amazonaws.com",
              },
            },
          ],
          "Version": "2012-10-17",
        },
      },
      "Type": "AWS::IAM::Role",
    },
    "ngTaskDefExecutionRoleDefaultPolicy965DA7E0": Object {
      "Properties": Object {
        "PolicyDocument": Object {
          "Statement": Array [
            Object {
              "Action": Array [
                "ecr:BatchCheckLayerAvailability",
                "ecr:GetDownloadUrlForLayer",
                "ecr:BatchGetImage",
              ],
              "Effect": "Allow",
              "Resource": Object {
                "Fn::GetAtt": Array [
                  "NGRepo57913A0B",
                  "Arn",
                ],
              },
            },
            Object {
              "Action": "ecr:GetAuthorizationToken",
              "Effect": "Allow",
              "Resource": "*",
            },
          ],
          "Version": "2012-10-17",
        },
        "PolicyName": "ngTaskDefExecutionRoleDefaultPolicy965DA7E0",
        "Roles": Array [
          Object {
            "Ref": "ngTaskDefExecutionRole9BBF10A1",
          },
        ],
      },
      "Type": "AWS::IAM::Policy",
    },
    "ngTaskDefTaskRoleC52DD1D2": Object {
      "Properties": Object {
        "AssumeRolePolicyDocument": Object {
          "Statement": Array [
            Object {
              "Action": "sts:AssumeRole",
              "Effect": "Allow",
              "Principal": Object {
                "Service": "ecs-tasks.amazonaws.com",
              },
            },
          ],
          "Version": "2012-10-17",
        },
      },
      "Type": "AWS::IAM::Role",
    },
    "okImageCustomResource0AB4C590": Object {
      "DeletionPolicy": "Delete",
      "Properties": Object {
        "DestImage": Object {
          "Fn::Join": Array [
            "",
            Array [
              "docker://",
              Object {
                "Fn::Select": Array [
                  4,
                  Object {
                    "Fn::Split": Array [
                      ":",
                      Object {
                        "Fn::GetAtt": Array [
                          "OKRepoA996F699",
                          "Arn",
                        ],
                      },
                    ],
                  },
                ],
              },
              ".dkr.ecr.",
              Object {
                "Fn::Select": Array [
                  3,
                  Object {
                    "Fn::Split": Array [
                      ":",
                      Object {
                        "Fn::GetAtt": Array [
                          "OKRepoA996F699",
                          "Arn",
                        ],
                      },
                    ],
                  },
                ],
              },
              ".",
              Object {
                "Ref": "AWS::URLSuffix",
              },
              "/",
              Object {
                "Ref": "OKRepoA996F699",
              },
            ],
          ],
        },
        "ServiceToken": Object {
          "Fn::GetAtt": Array [
            "CustomCDKECRDeploymentbd07c930edb94112a20f03f096f53666512MiB28EAD8E4",
            "Arn",
          ],
        },
        "SrcImage": Object {
          "Fn::Join": Array [
            "",
            Array [
              "docker://",
              Object {
                "Fn::Sub": "\${AWS::AccountId}.dkr.ecr.\${AWS::Region}.\${AWS::URLSuffix}/cdk-hnb659fds-container-assets-\${AWS::AccountId}-\${AWS::Region}:3dfee0a4bf5431b969d9c7df0bd158759f7e02f697fbd835b3f7995d89b2b89f",
              },
            ],
          ],
        },
      },
      "Type": "Custom::CDKBucketDeployment",
      "UpdateReplacePolicy": "Delete",
    },
    "okTaskDef9BD319BE": Object {
      "Properties": Object {
        "ContainerDefinitions": Array [
          Object {
            "Essential": true,
            "Image": Object {
              "Fn::Join": Array [
                "",
                Array [
                  Object {
                    "Fn::Select": Array [
                      4,
                      Object {
                        "Fn::Split": Array [
                          ":",
                          Object {
                            "Fn::GetAtt": Array [
                              "OKRepoA996F699",
                              "Arn",
                            ],
                          },
                        ],
                      },
                    ],
                  },
                  ".dkr.ecr.",
                  Object {
                    "Fn::Select": Array [
                      3,
                      Object {
                        "Fn::Split": Array [
                          ":",
                          Object {
                            "Fn::GetAtt": Array [
                              "OKRepoA996F699",
                              "Arn",
                            ],
                          },
                        ],
                      },
                    ],
                  },
                  ".",
                  Object {
                    "Ref": "AWS::URLSuffix",
                  },
                  "/",
                  Object {
                    "Ref": "OKRepoA996F699",
                  },
                  ":latest",
                ],
              ],
            },
            "Name": "ok",
            "Privileged": false,
            "ReadonlyRootFilesystem": true,
          },
        ],
        "Cpu": "256",
        "ExecutionRoleArn": Object {
          "Fn::GetAtt": Array [
            "okTaskDefExecutionRole5D288C3C",
            "Arn",
          ],
        },
        "Family": "MyTestStackokTaskDef08622CA9",
        "Memory": "512",
        "NetworkMode": "awsvpc",
        "RequiresCompatibilities": Array [
          "FARGATE",
        ],
        "TaskRoleArn": Object {
          "Fn::GetAtt": Array [
            "okTaskDefTaskRole4624208F",
            "Arn",
          ],
        },
      },
      "Type": "AWS::ECS::TaskDefinition",
    },
    "okTaskDefExecutionRole5D288C3C": Object {
      "Properties": Object {
        "AssumeRolePolicyDocument": Object {
          "Statement": Array [
            Object {
              "Action": "sts:AssumeRole",
              "Effect": "Allow",
              "Principal": Object {
                "Service": "ecs-tasks.amazonaws.com",
              },
            },
          ],
          "Version": "2012-10-17",
        },
      },
      "Type": "AWS::IAM::Role",
    },
    "okTaskDefExecutionRoleDefaultPolicy125B46DE": Object {
      "Properties": Object {
        "PolicyDocument": Object {
          "Statement": Array [
            Object {
              "Action": Array [
                "ecr:BatchCheckLayerAvailability",
                "ecr:GetDownloadUrlForLayer",
                "ecr:BatchGetImage",
              ],
              "Effect": "Allow",
              "Resource": Object {
                "Fn::GetAtt": Array [
                  "OKRepoA996F699",
                  "Arn",
                ],
              },
            },
            Object {
              "Action": "ecr:GetAuthorizationToken",
              "Effect": "Allow",
              "Resource": "*",
            },
          ],
          "Version": "2012-10-17",
        },
        "PolicyName": "okTaskDefExecutionRoleDefaultPolicy125B46DE",
        "Roles": Array [
          Object {
            "Ref": "okTaskDefExecutionRole5D288C3C",
          },
        ],
      },
      "Type": "AWS::IAM::Policy",
    },
    "okTaskDefTaskRole4624208F": Object {
      "Properties": Object {
        "AssumeRolePolicyDocument": Object {
          "Statement": Array [
            Object {
              "Action": "sts:AssumeRole",
              "Effect": "Allow",
              "Principal": Object {
                "Service": "ecs-tasks.amazonaws.com",
              },
            },
          ],
          "Version": "2012-10-17",
        },
      },
      "Type": "AWS::IAM::Role",
    },
  },
  "Rules": Object {
    "CheckBootstrapVersion": Object {
      "Assertions": Array [
        Object {
          "Assert": Object {
            "Fn::Not": Array [
              Object {
                "Fn::Contains": Array [
                  Array [
                    "1",
                    "2",
                    "3",
                    "4",
                    "5",
                  ],
                  Object {
                    "Ref": "BootstrapVersion",
                  },
                ],
              },
            ],
          },
          "AssertDescription": "CDK bootstrap stack version 6 required. Please run 'cdk bootstrap' with a recent version of the CDK CLI.",
        },
      ],
    },
  },
}
`;
